2026/04/25 00:58:34 [error] [system.db.CDbCommand] CDbCommand::fetchAll() failed: SQLSTATE[42S02]: Base table or view not found: 1146 Table 'cdi_imss.cdi_cat_statusReporte' doesn't exist. The SQL statement executed was: SELECT Status stat FROM cdi_cat_statusReporte.
2026/04/25 00:58:34 [error] [exception.CDbException] exception 'CDbException' with message 'CDbCommand failed to execute the SQL statement: SQLSTATE[42S02]: Base table or view not found: 1146 Table 'cdi_imss.cdi_cat_statusReporte' doesn't exist' in /opt/lampp563/htdocs/msicdi/framework/db/CDbCommand.php:543
Stack trace:
#0 /opt/lampp563/htdocs/msicdi/framework/db/CDbCommand.php(396): CDbCommand->queryInternal('fetchAll', Array, Array)
#1 /opt/lampp563/htdocs/msicdi/protected/controllers/SoporteController.php(281): CDbCommand->queryAll()
#2 /opt/lampp563/htdocs/msicdi/framework/web/actions/CInlineAction.php(49): SoporteController->actionAdministrar()
#3 /opt/lampp563/htdocs/msicdi/framework/web/CController.php(308): CInlineAction->runWithParams(Array)
#4 /opt/lampp563/htdocs/msicdi/framework/web/CController.php(286): CController->runAction(Object(CInlineAction))
#5 /opt/lampp563/htdocs/msicdi/framework/web/CController.php(265): CController->runActionWithFilters(Object(CInlineAction), Array)
#6 /opt/lampp563/htdocs/msicdi/framework/web/CWebApplication.php(282): CController->run('administrar')
#7 /opt/lampp563/htdocs/msicdi/framework/web/CWebApplication.php(141): CWebApplication->runController('soporte/adminis...')
#8 /opt/lampp563/htdocs/msicdi/framework/base/CApplication.php(180): CWebApplication->processRequest()
#9 /opt/lampp563/htdocs/msicdi/index.php(13): CApplication->run()
#10 {main}
REQUEST_URI=/msicdi/soporte/administrar.html
HTTP_REFERER=http://localhost/msicdi/
---
2026/04/25 01:03:18 [error] [system.db.CDbCommand] CDbCommand::fetchAll() failed: SQLSTATE[42S02]: Base table or view not found: 1146 Table 'cdi_imss.cdi_cat_statusReporte' doesn't exist. The SQL statement executed was: SELECT Status stat FROM cdi_cat_statusReporte.
2026/04/25 01:03:18 [error] [exception.CDbException] exception 'CDbException' with message 'CDbCommand failed to execute the SQL statement: SQLSTATE[42S02]: Base table or view not found: 1146 Table 'cdi_imss.cdi_cat_statusReporte' doesn't exist' in /opt/lampp563/htdocs/msicdi/framework/db/CDbCommand.php:543
Stack trace:
#0 /opt/lampp563/htdocs/msicdi/framework/db/CDbCommand.php(396): CDbCommand->queryInternal('fetchAll', Array, Array)
#1 /opt/lampp563/htdocs/msicdi/protected/controllers/SoporteController.php(281): CDbCommand->queryAll()
#2 /opt/lampp563/htdocs/msicdi/framework/web/actions/CInlineAction.php(49): SoporteController->actionAdministrar()
#3 /opt/lampp563/htdocs/msicdi/framework/web/CController.php(308): CInlineAction->runWithParams(Array)
#4 /opt/lampp563/htdocs/msicdi/framework/web/CController.php(286): CController->runAction(Object(CInlineAction))
#5 /opt/lampp563/htdocs/msicdi/framework/web/CController.php(265): CController->runActionWithFilters(Object(CInlineAction), Array)
#6 /opt/lampp563/htdocs/msicdi/framework/web/CWebApplication.php(282): CController->run('administrar')
#7 /opt/lampp563/htdocs/msicdi/framework/web/CWebApplication.php(141): CWebApplication->runController('soporte/adminis...')
#8 /opt/lampp563/htdocs/msicdi/framework/base/CApplication.php(180): CWebApplication->processRequest()
#9 /opt/lampp563/htdocs/msicdi/index.php(13): CApplication->run()
#10 {main}
REQUEST_URI=/msicdi/soporte/administrar.html
HTTP_REFERER=http://localhost/msicdi/
---
2026/04/25 01:03:40 [error] [system.db.CDbCommand] CDbCommand::fetchAll() failed: SQLSTATE[42S02]: Base table or view not found: 1146 Table 'cdi_imss.cdi_cat_statusReporte' doesn't exist. The SQL statement executed was: SELECT Status stat FROM cdi_cat_statusReporte.
2026/04/25 01:03:40 [error] [exception.CDbException] exception 'CDbException' with message 'CDbCommand failed to execute the SQL statement: SQLSTATE[42S02]: Base table or view not found: 1146 Table 'cdi_imss.cdi_cat_statusReporte' doesn't exist' in /opt/lampp563/htdocs/msicdi/framework/db/CDbCommand.php:543
Stack trace:
#0 /opt/lampp563/htdocs/msicdi/framework/db/CDbCommand.php(396): CDbCommand->queryInternal('fetchAll', Array, Array)
#1 /opt/lampp563/htdocs/msicdi/protected/controllers/SoporteController.php(281): CDbCommand->queryAll()
#2 /opt/lampp563/htdocs/msicdi/framework/web/actions/CInlineAction.php(49): SoporteController->actionAdministrar()
#3 /opt/lampp563/htdocs/msicdi/framework/web/CController.php(308): CInlineAction->runWithParams(Array)
#4 /opt/lampp563/htdocs/msicdi/framework/web/CController.php(286): CController->runAction(Object(CInlineAction))
#5 /opt/lampp563/htdocs/msicdi/framework/web/CController.php(265): CController->runActionWithFilters(Object(CInlineAction), Array)
#6 /opt/lampp563/htdocs/msicdi/framework/web/CWebApplication.php(282): CController->run('administrar')
#7 /opt/lampp563/htdocs/msicdi/framework/web/CWebApplication.php(141): CWebApplication->runController('soporte/adminis...')
#8 /opt/lampp563/htdocs/msicdi/framework/base/CApplication.php(180): CWebApplication->processRequest()
#9 /opt/lampp563/htdocs/msicdi/index.php(13): CApplication->run()
#10 {main}
REQUEST_URI=/msicdi/soporte/administrar.html
HTTP_REFERER=http://localhost/msicdi/
---
2026/04/25 01:16:52 [error] [system.db.CDbCommand] CDbCommand::fetchAll() failed: SQLSTATE[42S02]: Base table or view not found: 1146 Table 'cdi_imss.cdi_cat_statusReporte' doesn't exist. The SQL statement executed was: SELECT Status stat FROM cdi_cat_statusReporte.
2026/04/25 01:16:52 [error] [exception.CDbException] exception 'CDbException' with message 'CDbCommand failed to execute the SQL statement: SQLSTATE[42S02]: Base table or view not found: 1146 Table 'cdi_imss.cdi_cat_statusReporte' doesn't exist' in /opt/lampp563/htdocs/msicdi/framework/db/CDbCommand.php:543
Stack trace:
#0 /opt/lampp563/htdocs/msicdi/framework/db/CDbCommand.php(396): CDbCommand->queryInternal('fetchAll', Array, Array)
#1 /opt/lampp563/htdocs/msicdi/protected/controllers/SoporteController.php(281): CDbCommand->queryAll()
#2 /opt/lampp563/htdocs/msicdi/framework/web/actions/CInlineAction.php(49): SoporteController->actionAdministrar()
#3 /opt/lampp563/htdocs/msicdi/framework/web/CController.php(308): CInlineAction->runWithParams(Array)
#4 /opt/lampp563/htdocs/msicdi/framework/web/CController.php(286): CController->runAction(Object(CInlineAction))
#5 /opt/lampp563/htdocs/msicdi/framework/web/CController.php(265): CController->runActionWithFilters(Object(CInlineAction), Array)
#6 /opt/lampp563/htdocs/msicdi/framework/web/CWebApplication.php(282): CController->run('administrar')
#7 /opt/lampp563/htdocs/msicdi/framework/web/CWebApplication.php(141): CWebApplication->runController('soporte/adminis...')
#8 /opt/lampp563/htdocs/msicdi/framework/base/CApplication.php(180): CWebApplication->processRequest()
#9 /opt/lampp563/htdocs/msicdi/index.php(13): CApplication->run()
#10 {main}
REQUEST_URI=/msicdi/soporte/administrar.html
HTTP_REFERER=http://localhost/msicdi/
---
2026/04/25 01:18:44 [error] [system.db.CDbCommand] CDbCommand::fetchAll() failed: SQLSTATE[42S02]: Base table or view not found: 1146 Table 'cdi_imss.cdi_cat_statusReporte' doesn't exist. The SQL statement executed was: SELECT * FROM cdi_cat_statusReporte.
2026/04/25 01:18:44 [error] [exception.CDbException] exception 'CDbException' with message 'CDbCommand failed to execute the SQL statement: SQLSTATE[42S02]: Base table or view not found: 1146 Table 'cdi_imss.cdi_cat_statusReporte' doesn't exist' in /opt/lampp563/htdocs/msicdi/framework/db/CDbCommand.php:543
Stack trace:
#0 /opt/lampp563/htdocs/msicdi/framework/db/CDbCommand.php(396): CDbCommand->queryInternal('fetchAll', Array, Array)
#1 /opt/lampp563/htdocs/msicdi/protected/controllers/SoporteController.php(461): CDbCommand->queryAll()
#2 /opt/lampp563/htdocs/msicdi/framework/web/actions/CInlineAction.php(49): SoporteController->actionRastreo()
#3 /opt/lampp563/htdocs/msicdi/framework/web/CController.php(308): CInlineAction->runWithParams(Array)
#4 /opt/lampp563/htdocs/msicdi/framework/web/CController.php(286): CController->runAction(Object(CInlineAction))
#5 /opt/lampp563/htdocs/msicdi/framework/web/CController.php(265): CController->runActionWithFilters(Object(CInlineAction), Array)
#6 /opt/lampp563/htdocs/msicdi/framework/web/CWebApplication.php(282): CController->run('rastreo')
#7 /opt/lampp563/htdocs/msicdi/framework/web/CWebApplication.php(141): CWebApplication->runController('soporte/rastreo')
#8 /opt/lampp563/htdocs/msicdi/framework/base/CApplication.php(180): CWebApplication->processRequest()
#9 /opt/lampp563/htdocs/msicdi/index.php(13): CApplication->run()
#10 {main}
REQUEST_URI=/msicdi/soporte/rastreo?codigo=R26-2741
HTTP_REFERER=http://localhost/msicdi/soporte/administrar.html
---
2026/05/07 23:34:22 [error] [exception.CDbException] SQLSTATE[HY000] [2002] Connection refused
2026/05/07 23:34:22 [error] [exception.CDbException] exception 'CDbException' with message 'CDbConnection failed to open the DB connection.' in /opt/lampp/htdocs/msicdi/framework/db/CDbConnection.php:388
Stack trace:
#0 /opt/lampp/htdocs/msicdi/framework/db/CDbConnection.php(330): CDbConnection->open()
#1 /opt/lampp/htdocs/msicdi/framework/db/CDbConnection.php(308): CDbConnection->setActive(true)
#2 /opt/lampp/htdocs/msicdi/framework/base/CModule.php(387): CDbConnection->init()
#3 /opt/lampp/htdocs/msicdi/framework/base/CModule.php(103): CModule->getComponent('db')
#4 /opt/lampp/htdocs/msicdi/framework/web/auth/CWebUser.php(254): CModule->__get('db')
#5 /opt/lampp/htdocs/msicdi/framework/base/CModule.php(387): CWebUser->init()
#6 /opt/lampp/htdocs/msicdi/framework/base/CModule.php(103): CModule->getComponent('user')
#7 /opt/lampp/htdocs/msicdi/protected/controllers/SiteController.php(114): CModule->__get('user')
#8 /opt/lampp/htdocs/msicdi/framework/web/actions/CInlineAction.php(49): SiteController->actionGetNotificaciones()
#9 /opt/lampp/htdocs/msicdi/framework/web/CController.php(308): CInlineAction->runWithParams(Array)
#10 /opt/lampp/htdocs/msicdi/framework/web/CController.php(286): CController->runAction(Object(CInlineAction))
#11 /opt/lampp/htdocs/msicdi/framework/web/CController.php(265): CController->runActionWithFilters(Object(CInlineAction), Array)
#12 /opt/lampp/htdocs/msicdi/framework/web/CWebApplication.php(282): CController->run('GetNotificacion...')
#13 /opt/lampp/htdocs/msicdi/framework/web/CWebApplication.php(141): CWebApplication->runController('site/GetNotific...')
#14 /opt/lampp/htdocs/msicdi/framework/base/CApplication.php(180): CWebApplication->processRequest()
#15 /opt/lampp/htdocs/msicdi/index.php(13): CApplication->run()
#16 {main}
REQUEST_URI=/msicdi/site/GetNotificaciones.html
HTTP_REFERER=http://11.1.21.16/msicdi/soporte/rastreo?codigo=R26-2794&&stat=1
---
2026/05/08 00:07:03 [error] [system.db.CDbCommand] CDbCommand::fetchAll() failed: SQLSTATE[42S02]: Base table or view not found: 1146 Table 'cdi_imss.cdi_cat_personal' doesn't exist. The SQL statement executed was: SELECT concat(ApPaterno,' ',SUBSTRING_INDEX(Nombres, ' ', 1) ) nom from cdi_cat_personal p  where p.Matricula='99214188'.
2026/05/08 00:07:03 [error] [exception.CDbException] exception 'CDbException' with message 'CDbCommand failed to execute the SQL statement: SQLSTATE[42S02]: Base table or view not found: 1146 Table 'cdi_imss.cdi_cat_personal' doesn't exist' in /opt/lampp/htdocs/msicdi/framework/db/CDbCommand.php:543
Stack trace:
#0 /opt/lampp/htdocs/msicdi/framework/db/CDbCommand.php(396): CDbCommand->queryInternal('fetchAll', Array, Array)
#1 /opt/lampp/htdocs/msicdi/framework/web/auth/CWebUser.php(254): CDbCommand->queryAll()
#2 /opt/lampp/htdocs/msicdi/framework/base/CModule.php(387): CWebUser->init()
#3 /opt/lampp/htdocs/msicdi/framework/base/CModule.php(103): CModule->getComponent('user')
#4 /opt/lampp/htdocs/msicdi/protected/controllers/SiteController.php(114): CModule->__get('user')
#5 /opt/lampp/htdocs/msicdi/framework/web/actions/CInlineAction.php(49): SiteController->actionGetNotificaciones()
#6 /opt/lampp/htdocs/msicdi/framework/web/CController.php(308): CInlineAction->runWithParams(Array)
#7 /opt/lampp/htdocs/msicdi/framework/web/CController.php(286): CController->runAction(Object(CInlineAction))
#8 /opt/lampp/htdocs/msicdi/framework/web/CController.php(265): CController->runActionWithFilters(Object(CInlineAction), Array)
#9 /opt/lampp/htdocs/msicdi/framework/web/CWebApplication.php(282): CController->run('GetNotificacion...')
#10 /opt/lampp/htdocs/msicdi/framework/web/CWebApplication.php(141): CWebApplication->runController('site/GetNotific...')
#11 /opt/lampp/htdocs/msicdi/framework/base/CApplication.php(180): CWebApplication->processRequest()
#12 /opt/lampp/htdocs/msicdi/index.php(13): CApplication->run()
#13 {main}
REQUEST_URI=/msicdi/site/GetNotificaciones.html
HTTP_REFERER=http://11.1.21.16/msicdi/soporte/rastreo?codigo=R26-2782
---
2026/05/21 01:03:46 [error] [exception.CDbException] SQLSTATE[HY000] [2002] No such file or directory
2026/05/21 01:03:46 [error] [exception.CDbException] exception 'CDbException' with message 'CDbConnection failed to open the DB connection.' in /opt/lampp/htdocs/msicdi/framework/db/CDbConnection.php:388
Stack trace:
#0 /opt/lampp/htdocs/msicdi/framework/db/CDbConnection.php(330): CDbConnection->open()
#1 /opt/lampp/htdocs/msicdi/framework/db/CDbConnection.php(308): CDbConnection->setActive(true)
#2 /opt/lampp/htdocs/msicdi/framework/base/CModule.php(387): CDbConnection->init()
#3 /opt/lampp/htdocs/msicdi/framework/base/CModule.php(103): CModule->getComponent('db')
#4 /opt/lampp/htdocs/msicdi/framework/web/auth/CWebUser.php(68): CModule->__get('db')
#5 /opt/lampp/htdocs/msicdi/protected/views/soporte/index.php(70): CWebUser->isAdministrador()
#6 /opt/lampp/htdocs/msicdi/framework/web/CBaseController.php(126): require('/opt/lampp/htdo...')
#7 /opt/lampp/htdocs/msicdi/framework/web/CBaseController.php(95): CBaseController->renderInternal('/opt/lampp/htdo...', NULL, true)
#8 /opt/lampp/htdocs/msicdi/framework/web/CController.php(869): CBaseController->renderFile('/opt/lampp/htdo...', NULL, true)
#9 /opt/lampp/htdocs/msicdi/framework/web/CController.php(782): CController->renderPartial('index', NULL, true)
#10 /opt/lampp/htdocs/msicdi/protected/controllers/SoporteController.php(190): CController->render('index')
#11 /opt/lampp/htdocs/msicdi/framework/web/actions/CInlineAction.php(49): SoporteController->actionIndex()
#12 /opt/lampp/htdocs/msicdi/framework/web/CController.php(308): CInlineAction->runWithParams(Array)
#13 /opt/lampp/htdocs/msicdi/framework/web/CController.php(286): CController->runAction(Object(CInlineAction))
#14 /opt/lampp/htdocs/msicdi/framework/web/CController.php(265): CController->runActionWithFilters(Object(CInlineAction), Array)
#15 /opt/lampp/htdocs/msicdi/framework/web/CWebApplication.php(282): CController->run('')
#16 /opt/lampp/htdocs/msicdi/framework/web/CWebApplication.php(141): CWebApplication->runController('soporte')
#17 /opt/lampp/htdocs/msicdi/framework/base/CApplication.php(180): CWebApplication->processRequest()
#18 /opt/lampp/htdocs/msicdi/index.php(13): CApplication->run()
#19 {main}
REQUEST_URI=/msicdi/soporte
HTTP_REFERER=http://11.1.21.5/msicdi/soporte/Administrar.html
---
2026/05/21 01:03:47 [error] [exception.CDbException] SQLSTATE[HY000] [2002] No such file or directory
2026/05/21 01:03:47 [error] [exception.CDbException] exception 'CDbException' with message 'CDbConnection failed to open the DB connection.' in /opt/lampp/htdocs/msicdi/framework/db/CDbConnection.php:388
Stack trace:
#0 /opt/lampp/htdocs/msicdi/framework/db/CDbConnection.php(330): CDbConnection->open()
#1 /opt/lampp/htdocs/msicdi/framework/db/CDbConnection.php(308): CDbConnection->setActive(true)
#2 /opt/lampp/htdocs/msicdi/framework/base/CModule.php(387): CDbConnection->init()
#3 /opt/lampp/htdocs/msicdi/framework/base/CModule.php(103): CModule->getComponent('db')
#4 /opt/lampp/htdocs/msicdi/framework/web/auth/CWebUser.php(68): CModule->__get('db')
#5 /opt/lampp/htdocs/msicdi/protected/views/soporte/index.php(70): CWebUser->isAdministrador()
#6 /opt/lampp/htdocs/msicdi/framework/web/CBaseController.php(126): require('/opt/lampp/htdo...')
#7 /opt/lampp/htdocs/msicdi/framework/web/CBaseController.php(95): CBaseController->renderInternal('/opt/lampp/htdo...', NULL, true)
#8 /opt/lampp/htdocs/msicdi/framework/web/CController.php(869): CBaseController->renderFile('/opt/lampp/htdo...', NULL, true)
#9 /opt/lampp/htdocs/msicdi/framework/web/CController.php(782): CController->renderPartial('index', NULL, true)
#10 /opt/lampp/htdocs/msicdi/protected/controllers/SoporteController.php(190): CController->render('index')
#11 /opt/lampp/htdocs/msicdi/framework/web/actions/CInlineAction.php(49): SoporteController->actionIndex()
#12 /opt/lampp/htdocs/msicdi/framework/web/CController.php(308): CInlineAction->runWithParams(Array)
#13 /opt/lampp/htdocs/msicdi/framework/web/CController.php(286): CController->runAction(Object(CInlineAction))
#14 /opt/lampp/htdocs/msicdi/framework/web/CController.php(265): CController->runActionWithFilters(Object(CInlineAction), Array)
#15 /opt/lampp/htdocs/msicdi/framework/web/CWebApplication.php(282): CController->run('')
#16 /opt/lampp/htdocs/msicdi/framework/web/CWebApplication.php(141): CWebApplication->runController('soporte')
#17 /opt/lampp/htdocs/msicdi/framework/base/CApplication.php(180): CWebApplication->processRequest()
#18 /opt/lampp/htdocs/msicdi/index.php(13): CApplication->run()
#19 {main}
REQUEST_URI=/msicdi/soporte
HTTP_REFERER=http://11.1.21.5/msicdi/soporte/Administrar.html
---
2026/05/21 01:03:52 [error] [exception.CDbException] SQLSTATE[HY000] [2002] No such file or directory
2026/05/21 01:03:52 [error] [exception.CDbException] exception 'CDbException' with message 'CDbConnection failed to open the DB connection.' in /opt/lampp/htdocs/msicdi/framework/db/CDbConnection.php:388
Stack trace:
#0 /opt/lampp/htdocs/msicdi/framework/db/CDbConnection.php(330): CDbConnection->open()
#1 /opt/lampp/htdocs/msicdi/framework/db/CDbConnection.php(308): CDbConnection->setActive(true)
#2 /opt/lampp/htdocs/msicdi/framework/base/CModule.php(387): CDbConnection->init()
#3 /opt/lampp/htdocs/msicdi/framework/base/CModule.php(103): CModule->getComponent('db')
#4 /opt/lampp/htdocs/msicdi/framework/web/auth/CWebUser.php(68): CModule->__get('db')
#5 /opt/lampp/htdocs/msicdi/protected/views/soporte/index.php(70): CWebUser->isAdministrador()
#6 /opt/lampp/htdocs/msicdi/framework/web/CBaseController.php(126): require('/opt/lampp/htdo...')
#7 /opt/lampp/htdocs/msicdi/framework/web/CBaseController.php(95): CBaseController->renderInternal('/opt/lampp/htdo...', NULL, true)
#8 /opt/lampp/htdocs/msicdi/framework/web/CController.php(869): CBaseController->renderFile('/opt/lampp/htdo...', NULL, true)
#9 /opt/lampp/htdocs/msicdi/framework/web/CController.php(782): CController->renderPartial('index', NULL, true)
#10 /opt/lampp/htdocs/msicdi/protected/controllers/SoporteController.php(190): CController->render('index')
#11 /opt/lampp/htdocs/msicdi/framework/web/actions/CInlineAction.php(49): SoporteController->actionIndex()
#12 /opt/lampp/htdocs/msicdi/framework/web/CController.php(308): CInlineAction->runWithParams(Array)
#13 /opt/lampp/htdocs/msicdi/framework/web/CController.php(286): CController->runAction(Object(CInlineAction))
#14 /opt/lampp/htdocs/msicdi/framework/web/CController.php(265): CController->runActionWithFilters(Object(CInlineAction), Array)
#15 /opt/lampp/htdocs/msicdi/framework/web/CWebApplication.php(282): CController->run('')
#16 /opt/lampp/htdocs/msicdi/framework/web/CWebApplication.php(141): CWebApplication->runController('soporte')
#17 /opt/lampp/htdocs/msicdi/framework/base/CApplication.php(180): CWebApplication->processRequest()
#18 /opt/lampp/htdocs/msicdi/index.php(13): CApplication->run()
#19 {main}
REQUEST_URI=/msicdi/soporte
HTTP_REFERER=http://11.1.21.5/msicdi/soporte/Administrar.html
---
2026/05/21 01:03:57 [error] [exception.CDbException] SQLSTATE[HY000] [2002] No such file or directory
2026/05/21 01:03:57 [error] [exception.CDbException] exception 'CDbException' with message 'CDbConnection failed to open the DB connection.' in /opt/lampp/htdocs/msicdi/framework/db/CDbConnection.php:388
Stack trace:
#0 /opt/lampp/htdocs/msicdi/framework/db/CDbConnection.php(330): CDbConnection->open()
#1 /opt/lampp/htdocs/msicdi/framework/db/CDbConnection.php(308): CDbConnection->setActive(true)
#2 /opt/lampp/htdocs/msicdi/framework/base/CModule.php(387): CDbConnection->init()
#3 /opt/lampp/htdocs/msicdi/framework/base/CModule.php(103): CModule->getComponent('db')
#4 /opt/lampp/htdocs/msicdi/framework/web/auth/CWebUser.php(68): CModule->__get('db')
#5 /opt/lampp/htdocs/msicdi/protected/views/soporte/index.php(70): CWebUser->isAdministrador()
#6 /opt/lampp/htdocs/msicdi/framework/web/CBaseController.php(126): require('/opt/lampp/htdo...')
#7 /opt/lampp/htdocs/msicdi/framework/web/CBaseController.php(95): CBaseController->renderInternal('/opt/lampp/htdo...', NULL, true)
#8 /opt/lampp/htdocs/msicdi/framework/web/CController.php(869): CBaseController->renderFile('/opt/lampp/htdo...', NULL, true)
#9 /opt/lampp/htdocs/msicdi/framework/web/CController.php(782): CController->renderPartial('index', NULL, true)
#10 /opt/lampp/htdocs/msicdi/protected/controllers/SoporteController.php(190): CController->render('index')
#11 /opt/lampp/htdocs/msicdi/framework/web/actions/CInlineAction.php(49): SoporteController->actionIndex()
#12 /opt/lampp/htdocs/msicdi/framework/web/CController.php(308): CInlineAction->runWithParams(Array)
#13 /opt/lampp/htdocs/msicdi/framework/web/CController.php(286): CController->runAction(Object(CInlineAction))
#14 /opt/lampp/htdocs/msicdi/framework/web/CController.php(265): CController->runActionWithFilters(Object(CInlineAction), Array)
#15 /opt/lampp/htdocs/msicdi/framework/web/CWebApplication.php(282): CController->run('')
#16 /opt/lampp/htdocs/msicdi/framework/web/CWebApplication.php(141): CWebApplication->runController('soporte')
#17 /opt/lampp/htdocs/msicdi/framework/base/CApplication.php(180): CWebApplication->processRequest()
#18 /opt/lampp/htdocs/msicdi/index.php(13): CApplication->run()
#19 {main}
REQUEST_URI=/msicdi/soporte
HTTP_REFERER=http://11.1.21.5/msicdi/soporte/Administrar.html
---
2026/05/21 01:03:59 [error] [exception.CDbException] SQLSTATE[HY000] [2002] No such file or directory
2026/05/21 01:03:59 [error] [exception.CDbException] exception 'CDbException' with message 'CDbConnection failed to open the DB connection.' in /opt/lampp/htdocs/msicdi/framework/db/CDbConnection.php:388
Stack trace:
#0 /opt/lampp/htdocs/msicdi/framework/db/CDbConnection.php(330): CDbConnection->open()
#1 /opt/lampp/htdocs/msicdi/framework/db/CDbConnection.php(308): CDbConnection->setActive(true)
#2 /opt/lampp/htdocs/msicdi/framework/base/CModule.php(387): CDbConnection->init()
#3 /opt/lampp/htdocs/msicdi/framework/base/CModule.php(103): CModule->getComponent('db')
#4 /opt/lampp/htdocs/msicdi/framework/web/auth/CWebUser.php(68): CModule->__get('db')
#5 /opt/lampp/htdocs/msicdi/protected/views/soporte/index.php(70): CWebUser->isAdministrador()
#6 /opt/lampp/htdocs/msicdi/framework/web/CBaseController.php(126): require('/opt/lampp/htdo...')
#7 /opt/lampp/htdocs/msicdi/framework/web/CBaseController.php(95): CBaseController->renderInternal('/opt/lampp/htdo...', NULL, true)
#8 /opt/lampp/htdocs/msicdi/framework/web/CController.php(869): CBaseController->renderFile('/opt/lampp/htdo...', NULL, true)
#9 /opt/lampp/htdocs/msicdi/framework/web/CController.php(782): CController->renderPartial('index', NULL, true)
#10 /opt/lampp/htdocs/msicdi/protected/controllers/SoporteController.php(190): CController->render('index')
#11 /opt/lampp/htdocs/msicdi/framework/web/actions/CInlineAction.php(49): SoporteController->actionIndex()
#12 /opt/lampp/htdocs/msicdi/framework/web/CController.php(308): CInlineAction->runWithParams(Array)
#13 /opt/lampp/htdocs/msicdi/framework/web/CController.php(286): CController->runAction(Object(CInlineAction))
#14 /opt/lampp/htdocs/msicdi/framework/web/CController.php(265): CController->runActionWithFilters(Object(CInlineAction), Array)
#15 /opt/lampp/htdocs/msicdi/framework/web/CWebApplication.php(282): CController->run('')
#16 /opt/lampp/htdocs/msicdi/framework/web/CWebApplication.php(141): CWebApplication->runController('soporte')
#17 /opt/lampp/htdocs/msicdi/framework/base/CApplication.php(180): CWebApplication->processRequest()
#18 /opt/lampp/htdocs/msicdi/index.php(13): CApplication->run()
#19 {main}
REQUEST_URI=/msicdi/soporte
HTTP_REFERER=http://11.1.21.5/msicdi/soporte/Administrar.html
---
2026/05/21 01:04:02 [error] [exception.CDbException] SQLSTATE[HY000] [2002] No such file or directory
2026/05/21 01:04:02 [error] [exception.CDbException] exception 'CDbException' with message 'CDbConnection failed to open the DB connection.' in /opt/lampp/htdocs/msicdi/framework/db/CDbConnection.php:388
Stack trace:
#0 /opt/lampp/htdocs/msicdi/framework/db/CDbConnection.php(330): CDbConnection->open()
#1 /opt/lampp/htdocs/msicdi/framework/db/CDbConnection.php(308): CDbConnection->setActive(true)
#2 /opt/lampp/htdocs/msicdi/framework/base/CModule.php(387): CDbConnection->init()
#3 /opt/lampp/htdocs/msicdi/framework/base/CModule.php(103): CModule->getComponent('db')
#4 /opt/lampp/htdocs/msicdi/framework/web/auth/CWebUser.php(68): CModule->__get('db')
#5 /opt/lampp/htdocs/msicdi/protected/views/soporte/index.php(70): CWebUser->isAdministrador()
#6 /opt/lampp/htdocs/msicdi/framework/web/CBaseController.php(126): require('/opt/lampp/htdo...')
#7 /opt/lampp/htdocs/msicdi/framework/web/CBaseController.php(95): CBaseController->renderInternal('/opt/lampp/htdo...', NULL, true)
#8 /opt/lampp/htdocs/msicdi/framework/web/CController.php(869): CBaseController->renderFile('/opt/lampp/htdo...', NULL, true)
#9 /opt/lampp/htdocs/msicdi/framework/web/CController.php(782): CController->renderPartial('index', NULL, true)
#10 /opt/lampp/htdocs/msicdi/protected/controllers/SoporteController.php(190): CController->render('index')
#11 /opt/lampp/htdocs/msicdi/framework/web/actions/CInlineAction.php(49): SoporteController->actionIndex()
#12 /opt/lampp/htdocs/msicdi/framework/web/CController.php(308): CInlineAction->runWithParams(Array)
#13 /opt/lampp/htdocs/msicdi/framework/web/CController.php(286): CController->runAction(Object(CInlineAction))
#14 /opt/lampp/htdocs/msicdi/framework/web/CController.php(265): CController->runActionWithFilters(Object(CInlineAction), Array)
#15 /opt/lampp/htdocs/msicdi/framework/web/CWebApplication.php(282): CController->run('')
#16 /opt/lampp/htdocs/msicdi/framework/web/CWebApplication.php(141): CWebApplication->runController('soporte')
#17 /opt/lampp/htdocs/msicdi/framework/base/CApplication.php(180): CWebApplication->processRequest()
#18 /opt/lampp/htdocs/msicdi/index.php(13): CApplication->run()
#19 {main}
REQUEST_URI=/msicdi/soporte
HTTP_REFERER=http://11.1.21.5/msicdi/soporte/Administrar.html
---
2026/05/21 01:04:07 [error] [exception.CDbException] SQLSTATE[HY000] [2002] No such file or directory
2026/05/21 01:04:07 [error] [exception.CDbException] exception 'CDbException' with message 'CDbConnection failed to open the DB connection.' in /opt/lampp/htdocs/msicdi/framework/db/CDbConnection.php:388
Stack trace:
#0 /opt/lampp/htdocs/msicdi/framework/db/CDbConnection.php(330): CDbConnection->open()
#1 /opt/lampp/htdocs/msicdi/framework/db/CDbConnection.php(308): CDbConnection->setActive(true)
#2 /opt/lampp/htdocs/msicdi/framework/base/CModule.php(387): CDbConnection->init()
#3 /opt/lampp/htdocs/msicdi/framework/base/CModule.php(103): CModule->getComponent('db')
#4 /opt/lampp/htdocs/msicdi/framework/web/auth/CWebUser.php(68): CModule->__get('db')
#5 /opt/lampp/htdocs/msicdi/protected/views/soporte/index.php(70): CWebUser->isAdministrador()
#6 /opt/lampp/htdocs/msicdi/framework/web/CBaseController.php(126): require('/opt/lampp/htdo...')
#7 /opt/lampp/htdocs/msicdi/framework/web/CBaseController.php(95): CBaseController->renderInternal('/opt/lampp/htdo...', NULL, true)
#8 /opt/lampp/htdocs/msicdi/framework/web/CController.php(869): CBaseController->renderFile('/opt/lampp/htdo...', NULL, true)
#9 /opt/lampp/htdocs/msicdi/framework/web/CController.php(782): CController->renderPartial('index', NULL, true)
#10 /opt/lampp/htdocs/msicdi/protected/controllers/SoporteController.php(190): CController->render('index')
#11 /opt/lampp/htdocs/msicdi/framework/web/actions/CInlineAction.php(49): SoporteController->actionIndex()
#12 /opt/lampp/htdocs/msicdi/framework/web/CController.php(308): CInlineAction->runWithParams(Array)
#13 /opt/lampp/htdocs/msicdi/framework/web/CController.php(286): CController->runAction(Object(CInlineAction))
#14 /opt/lampp/htdocs/msicdi/framework/web/CController.php(265): CController->runActionWithFilters(Object(CInlineAction), Array)
#15 /opt/lampp/htdocs/msicdi/framework/web/CWebApplication.php(282): CController->run('')
#16 /opt/lampp/htdocs/msicdi/framework/web/CWebApplication.php(141): CWebApplication->runController('soporte')
#17 /opt/lampp/htdocs/msicdi/framework/base/CApplication.php(180): CWebApplication->processRequest()
#18 /opt/lampp/htdocs/msicdi/index.php(13): CApplication->run()
#19 {main}
REQUEST_URI=/msicdi/soporte
HTTP_REFERER=http://11.1.21.5/msicdi/soporte/Administrar.html
---
2026/05/21 01:04:12 [error] [exception.CDbException] SQLSTATE[HY000] [2002] No such file or directory
2026/05/21 01:04:12 [error] [exception.CDbException] exception 'CDbException' with message 'CDbConnection failed to open the DB connection.' in /opt/lampp/htdocs/msicdi/framework/db/CDbConnection.php:388
Stack trace:
#0 /opt/lampp/htdocs/msicdi/framework/db/CDbConnection.php(330): CDbConnection->open()
#1 /opt/lampp/htdocs/msicdi/framework/db/CDbConnection.php(308): CDbConnection->setActive(true)
#2 /opt/lampp/htdocs/msicdi/framework/base/CModule.php(387): CDbConnection->init()
#3 /opt/lampp/htdocs/msicdi/framework/base/CModule.php(103): CModule->getComponent('db')
#4 /opt/lampp/htdocs/msicdi/framework/web/auth/CWebUser.php(68): CModule->__get('db')
#5 /opt/lampp/htdocs/msicdi/protected/views/soporte/index.php(70): CWebUser->isAdministrador()
#6 /opt/lampp/htdocs/msicdi/framework/web/CBaseController.php(126): require('/opt/lampp/htdo...')
#7 /opt/lampp/htdocs/msicdi/framework/web/CBaseController.php(95): CBaseController->renderInternal('/opt/lampp/htdo...', NULL, true)
#8 /opt/lampp/htdocs/msicdi/framework/web/CController.php(869): CBaseController->renderFile('/opt/lampp/htdo...', NULL, true)
#9 /opt/lampp/htdocs/msicdi/framework/web/CController.php(782): CController->renderPartial('index', NULL, true)
#10 /opt/lampp/htdocs/msicdi/protected/controllers/SoporteController.php(190): CController->render('index')
#11 /opt/lampp/htdocs/msicdi/framework/web/actions/CInlineAction.php(49): SoporteController->actionIndex()
#12 /opt/lampp/htdocs/msicdi/framework/web/CController.php(308): CInlineAction->runWithParams(Array)
#13 /opt/lampp/htdocs/msicdi/framework/web/CController.php(286): CController->runAction(Object(CInlineAction))
#14 /opt/lampp/htdocs/msicdi/framework/web/CController.php(265): CController->runActionWithFilters(Object(CInlineAction), Array)
#15 /opt/lampp/htdocs/msicdi/framework/web/CWebApplication.php(282): CController->run('')
#16 /opt/lampp/htdocs/msicdi/framework/web/CWebApplication.php(141): CWebApplication->runController('soporte')
#17 /opt/lampp/htdocs/msicdi/framework/base/CApplication.php(180): CWebApplication->processRequest()
#18 /opt/lampp/htdocs/msicdi/index.php(13): CApplication->run()
#19 {main}
REQUEST_URI=/msicdi/soporte
HTTP_REFERER=http://11.1.21.5/msicdi/soporte/Administrar.html
---
2026/05/21 01:04:13 [error] [exception.CDbException] SQLSTATE[HY000] [2002] No such file or directory
2026/05/21 01:04:13 [error] [exception.CDbException] exception 'CDbException' with message 'CDbConnection failed to open the DB connection.' in /opt/lampp/htdocs/msicdi/framework/db/CDbConnection.php:388
Stack trace:
#0 /opt/lampp/htdocs/msicdi/framework/db/CDbConnection.php(330): CDbConnection->open()
#1 /opt/lampp/htdocs/msicdi/framework/db/CDbConnection.php(308): CDbConnection->setActive(true)
#2 /opt/lampp/htdocs/msicdi/framework/base/CModule.php(387): CDbConnection->init()
#3 /opt/lampp/htdocs/msicdi/framework/base/CModule.php(103): CModule->getComponent('db')
#4 /opt/lampp/htdocs/msicdi/framework/web/auth/CWebUser.php(68): CModule->__get('db')
#5 /opt/lampp/htdocs/msicdi/protected/views/soporte/index.php(70): CWebUser->isAdministrador()
#6 /opt/lampp/htdocs/msicdi/framework/web/CBaseController.php(126): require('/opt/lampp/htdo...')
#7 /opt/lampp/htdocs/msicdi/framework/web/CBaseController.php(95): CBaseController->renderInternal('/opt/lampp/htdo...', NULL, true)
#8 /opt/lampp/htdocs/msicdi/framework/web/CController.php(869): CBaseController->renderFile('/opt/lampp/htdo...', NULL, true)
#9 /opt/lampp/htdocs/msicdi/framework/web/CController.php(782): CController->renderPartial('index', NULL, true)
#10 /opt/lampp/htdocs/msicdi/protected/controllers/SoporteController.php(190): CController->render('index')
#11 /opt/lampp/htdocs/msicdi/framework/web/actions/CInlineAction.php(49): SoporteController->actionIndex()
#12 /opt/lampp/htdocs/msicdi/framework/web/CController.php(308): CInlineAction->runWithParams(Array)
#13 /opt/lampp/htdocs/msicdi/framework/web/CController.php(286): CController->runAction(Object(CInlineAction))
#14 /opt/lampp/htdocs/msicdi/framework/web/CController.php(265): CController->runActionWithFilters(Object(CInlineAction), Array)
#15 /opt/lampp/htdocs/msicdi/framework/web/CWebApplication.php(282): CController->run('')
#16 /opt/lampp/htdocs/msicdi/framework/web/CWebApplication.php(141): CWebApplication->runController('soporte')
#17 /opt/lampp/htdocs/msicdi/framework/base/CApplication.php(180): CWebApplication->processRequest()
#18 /opt/lampp/htdocs/msicdi/index.php(13): CApplication->run()
#19 {main}
REQUEST_URI=/msicdi/soporte
HTTP_REFERER=http://11.1.21.5/msicdi/soporte/rastreo?codigo=R26-3466&&stat=1
---
2026/05/21 01:04:15 [error] [exception.CDbException] SQLSTATE[HY000] [2002] No such file or directory
2026/05/21 01:04:15 [error] [exception.CDbException] exception 'CDbException' with message 'CDbConnection failed to open the DB connection.' in /opt/lampp/htdocs/msicdi/framework/db/CDbConnection.php:388
Stack trace:
#0 /opt/lampp/htdocs/msicdi/framework/db/CDbConnection.php(330): CDbConnection->open()
#1 /opt/lampp/htdocs/msicdi/framework/db/CDbConnection.php(308): CDbConnection->setActive(true)
#2 /opt/lampp/htdocs/msicdi/framework/base/CModule.php(387): CDbConnection->init()
#3 /opt/lampp/htdocs/msicdi/framework/base/CModule.php(103): CModule->getComponent('db')
#4 /opt/lampp/htdocs/msicdi/framework/web/auth/CWebUser.php(68): CModule->__get('db')
#5 /opt/lampp/htdocs/msicdi/protected/views/layouts/main.php(61): CWebUser->isAdministrador()
#6 /opt/lampp/htdocs/msicdi/framework/web/CBaseController.php(126): require('/opt/lampp/htdo...')
#7 /opt/lampp/htdocs/msicdi/framework/web/CBaseController.php(95): CBaseController->renderInternal('/opt/lampp/htdo...', Array, true)
#8 /opt/lampp/htdocs/msicdi/framework/web/widgets/CContentDecorator.php(76): CBaseController->renderFile('/opt/lampp/htdo...', Array, true)
#9 /opt/lampp/htdocs/msicdi/framework/web/widgets/CContentDecorator.php(54): CContentDecorator->decorate('<div id="conten...')
#10 /opt/lampp/htdocs/msicdi/framework/web/widgets/COutputProcessor.php(44): CContentDecorator->processOutput('<div id="conten...')
#11 /opt/lampp/htdocs/msicdi/framework/web/CBaseController.php(206): COutputProcessor->run()
#12 /opt/lampp/htdocs/msicdi/framework/web/CBaseController.php(300): CBaseController->endWidget('CContentDecorat...')
#13 /opt/lampp/htdocs/msicdi/protected/views/layouts/column1.php(6): CBaseController->endContent()
#14 /opt/lampp/htdocs/msicdi/framework/web/CBaseController.php(126): require('/opt/lampp/htdo...')
#15 /opt/lampp/htdocs/msicdi/framework/web/CBaseController.php(95): CBaseController->renderInternal('/opt/lampp/htdo...', Array, true)
#16 /opt/lampp/htdocs/msicdi/framework/web/CController.php(784): CBaseController->renderFile('/opt/lampp/htdo...', Array, true)
#17 /opt/lampp/htdocs/msicdi/protected/controllers/InicioController.php(20): CController->render('index')
#18 /opt/lampp/htdocs/msicdi/framework/web/actions/CInlineAction.php(49): InicioController->actionIndex()
#19 /opt/lampp/htdocs/msicdi/framework/web/CController.php(308): CInlineAction->runWithParams(Array)
#20 /opt/lampp/htdocs/msicdi/framework/web/CController.php(286): CController->runAction(Object(CInlineAction))
#21 /opt/lampp/htdocs/msicdi/framework/web/CController.php(265): CController->runActionWithFilters(Object(CInlineAction), Array)
#22 /opt/lampp/htdocs/msicdi/framework/web/CWebApplication.php(282): CController->run('')
#23 /opt/lampp/htdocs/msicdi/framework/web/CWebApplication.php(141): CWebApplication->runController('')
#24 /opt/lampp/htdocs/msicdi/framework/base/CApplication.php(180): CWebApplication->processRequest()
#25 /opt/lampp/htdocs/msicdi/index.php(13): CApplication->run()
#26 {main}
REQUEST_URI=/msicdi/
---
2026/05/21 01:04:15 [error] [exception.CDbException] SQLSTATE[HY000] [2002] No such file or directory
2026/05/21 01:04:17 [error] [exception.CDbException] SQLSTATE[HY000] [2002] No such file or directory
2026/05/21 01:04:17 [error] [exception.CDbException] exception 'CDbException' with message 'CDbConnection failed to open the DB connection.' in /opt/lampp/htdocs/msicdi/framework/db/CDbConnection.php:388
Stack trace:
#0 /opt/lampp/htdocs/msicdi/framework/db/CDbConnection.php(330): CDbConnection->open()
#1 /opt/lampp/htdocs/msicdi/framework/db/CDbConnection.php(308): CDbConnection->setActive(true)
#2 /opt/lampp/htdocs/msicdi/framework/base/CModule.php(387): CDbConnection->init()
#3 /opt/lampp/htdocs/msicdi/framework/base/CModule.php(103): CModule->getComponent('db')
#4 /opt/lampp/htdocs/msicdi/framework/web/auth/CWebUser.php(68): CModule->__get('db')
#5 /opt/lampp/htdocs/msicdi/protected/views/soporte/index.php(70): CWebUser->isAdministrador()
#6 /opt/lampp/htdocs/msicdi/framework/web/CBaseController.php(126): require('/opt/lampp/htdo...')
#7 /opt/lampp/htdocs/msicdi/framework/web/CBaseController.php(95): CBaseController->renderInternal('/opt/lampp/htdo...', NULL, true)
#8 /opt/lampp/htdocs/msicdi/framework/web/CController.php(869): CBaseController->renderFile('/opt/lampp/htdo...', NULL, true)
#9 /opt/lampp/htdocs/msicdi/framework/web/CController.php(782): CController->renderPartial('index', NULL, true)
#10 /opt/lampp/htdocs/msicdi/protected/controllers/SoporteController.php(190): CController->render('index')
#11 /opt/lampp/htdocs/msicdi/framework/web/actions/CInlineAction.php(49): SoporteController->actionIndex()
#12 /opt/lampp/htdocs/msicdi/framework/web/CController.php(308): CInlineAction->runWithParams(Array)
#13 /opt/lampp/htdocs/msicdi/framework/web/CController.php(286): CController->runAction(Object(CInlineAction))
#14 /opt/lampp/htdocs/msicdi/framework/web/CController.php(265): CController->runActionWithFilters(Object(CInlineAction), Array)
#15 /opt/lampp/htdocs/msicdi/framework/web/CWebApplication.php(282): CController->run('')
#16 /opt/lampp/htdocs/msicdi/framework/web/CWebApplication.php(141): CWebApplication->runController('soporte')
#17 /opt/lampp/htdocs/msicdi/framework/base/CApplication.php(180): CWebApplication->processRequest()
#18 /opt/lampp/htdocs/msicdi/index.php(13): CApplication->run()
#19 {main}
REQUEST_URI=/msicdi/soporte
HTTP_REFERER=http://11.1.21.5/msicdi/soporte/Administrar.html
---
2026/05/21 01:04:48 [error] [exception.CHttpException.404] exception 'CHttpException' with message 'Unable to resolve the request "upload/4619.png".' in /opt/lampp/htdocs/msicdi/framework/web/CWebApplication.php:286
Stack trace:
#0 /opt/lampp/htdocs/msicdi/framework/web/CWebApplication.php(141): CWebApplication->runController('upload/4619.png')
#1 /opt/lampp/htdocs/msicdi/framework/base/CApplication.php(180): CWebApplication->processRequest()
#2 /opt/lampp/htdocs/msicdi/index.php(13): CApplication->run()
#3 {main}
REQUEST_URI=/msicdi/upload/4619.png
HTTP_REFERER=http://11.1.21.5/msicdi/soporte/rastreo?codigo=R26-3473
---
2026/05/21 01:04:55 [error] [exception.CHttpException.404] exception 'CHttpException' with message 'Unable to resolve the request "upload/4619.png".' in /opt/lampp/htdocs/msicdi/framework/web/CWebApplication.php:286
Stack trace:
#0 /opt/lampp/htdocs/msicdi/framework/web/CWebApplication.php(141): CWebApplication->runController('upload/4619.png')
#1 /opt/lampp/htdocs/msicdi/framework/base/CApplication.php(180): CWebApplication->processRequest()
#2 /opt/lampp/htdocs/msicdi/index.php(13): CApplication->run()
#3 {main}
REQUEST_URI=/msicdi/upload/4619.png
---
2026/05/21 01:05:16 [error] [exception.CHttpException.404] exception 'CHttpException' with message 'Unable to resolve the request "upload/4619.png".' in /opt/lampp/htdocs/msicdi/framework/web/CWebApplication.php:286
Stack trace:
#0 /opt/lampp/htdocs/msicdi/framework/web/CWebApplication.php(141): CWebApplication->runController('upload/4619.png')
#1 /opt/lampp/htdocs/msicdi/framework/base/CApplication.php(180): CWebApplication->processRequest()
#2 /opt/lampp/htdocs/msicdi/index.php(13): CApplication->run()
#3 {main}
REQUEST_URI=/msicdi/upload/4619.png
HTTP_REFERER=http://11.1.21.5/msicdi/soporte/rastreo?codigo=R26-3473
---
2026/05/21 01:05:21 [error] [exception.CHttpException.404] exception 'CHttpException' with message 'Unable to resolve the request "upload/4619.png".' in /opt/lampp/htdocs/msicdi/framework/web/CWebApplication.php:286
Stack trace:
#0 /opt/lampp/htdocs/msicdi/framework/web/CWebApplication.php(141): CWebApplication->runController('upload/4619.png')
#1 /opt/lampp/htdocs/msicdi/framework/base/CApplication.php(180): CWebApplication->processRequest()
#2 /opt/lampp/htdocs/msicdi/index.php(13): CApplication->run()
#3 {main}
REQUEST_URI=/msicdi/upload/4619.png
---
2026/05/21 01:05:42 [error] [exception.CHttpException.404] exception 'CHttpException' with message 'Unable to resolve the request "upload/4619.png".' in /opt/lampp/htdocs/msicdi/framework/web/CWebApplication.php:286
Stack trace:
#0 /opt/lampp/htdocs/msicdi/framework/web/CWebApplication.php(141): CWebApplication->runController('upload/4619.png')
#1 /opt/lampp/htdocs/msicdi/framework/base/CApplication.php(180): CWebApplication->processRequest()
#2 /opt/lampp/htdocs/msicdi/index.php(13): CApplication->run()
#3 {main}
REQUEST_URI=/msicdi/upload/4619.png
HTTP_REFERER=http://11.1.21.5/msicdi/soporte/rastreo?codigo=R26-3473
---
2026/05/21 01:19:50 [error] [exception.CHttpException.404] exception 'CHttpException' with message 'Unable to resolve the request "upload/4619.png".' in /opt/lampp/htdocs/msicdi/framework/web/CWebApplication.php:286
Stack trace:
#0 /opt/lampp/htdocs/msicdi/framework/web/CWebApplication.php(141): CWebApplication->runController('upload/4619.png')
#1 /opt/lampp/htdocs/msicdi/framework/base/CApplication.php(180): CWebApplication->processRequest()
#2 /opt/lampp/htdocs/msicdi/index.php(13): CApplication->run()
#3 {main}
REQUEST_URI=/msicdi/upload/4619.png
HTTP_REFERER=http://11.1.21.5/msicdi/soporte/rastreo?codigo=R26-3473
---
2026/05/21 01:24:03 [error] [php] Undefined offset: 0 (/opt/lampp/htdocs/msicdi/protected/controllers/SoporteController.php:804)
Stack trace:
#0 /opt/lampp/htdocs/msicdi/framework/web/CController.php(308): CInlineAction->runWithParams()
#1 /opt/lampp/htdocs/msicdi/framework/web/CController.php(286): SoporteController->runAction()
#2 /opt/lampp/htdocs/msicdi/framework/web/CController.php(265): SoporteController->runActionWithFilters()
#3 /opt/lampp/htdocs/msicdi/framework/web/CWebApplication.php(282): SoporteController->run()
#4 /opt/lampp/htdocs/msicdi/framework/web/CWebApplication.php(141): CWebApplication->runController()
#5 /opt/lampp/htdocs/msicdi/framework/base/CApplication.php(180): CWebApplication->processRequest()
#6 /opt/lampp/htdocs/msicdi/index.php(13): CWebApplication->run()
REQUEST_URI=/msicdi/soporte/actualizarTodos
2026/05/21 01:42:33 [error] [exception.CDbException] SQLSTATE[HY000] [2002] No existe el fichero o el directorio
2026/05/21 01:42:33 [error] [exception.CDbException] exception 'CDbException' with message 'CDbConnection failed to open the DB connection.' in /opt/lampp/htdocs/msicdi/framework/db/CDbConnection.php:388
Stack trace:
#0 /opt/lampp/htdocs/msicdi/framework/db/CDbConnection.php(330): CDbConnection->open()
#1 /opt/lampp/htdocs/msicdi/framework/db/CDbConnection.php(308): CDbConnection->setActive(true)
#2 /opt/lampp/htdocs/msicdi/framework/base/CModule.php(387): CDbConnection->init()
#3 /opt/lampp/htdocs/msicdi/framework/base/CModule.php(103): CModule->getComponent('db')
#4 /opt/lampp/htdocs/msicdi/framework/web/auth/CWebUser.php(254): CModule->__get('db')
#5 /opt/lampp/htdocs/msicdi/framework/base/CModule.php(387): CWebUser->init()
#6 /opt/lampp/htdocs/msicdi/framework/base/CModule.php(103): CModule->getComponent('user')
#7 /opt/lampp/htdocs/msicdi/protected/controllers/SiteController.php(114): CModule->__get('user')
#8 /opt/lampp/htdocs/msicdi/framework/web/actions/CInlineAction.php(49): SiteController->actionGetNotificaciones()
#9 /opt/lampp/htdocs/msicdi/framework/web/CController.php(308): CInlineAction->runWithParams(Array)
#10 /opt/lampp/htdocs/msicdi/framework/web/CController.php(286): CController->runAction(Object(CInlineAction))
#11 /opt/lampp/htdocs/msicdi/framework/web/CController.php(265): CController->runActionWithFilters(Object(CInlineAction), Array)
#12 /opt/lampp/htdocs/msicdi/framework/web/CWebApplication.php(282): CController->run('GetNotificacion...')
#13 /opt/lampp/htdocs/msicdi/framework/web/CWebApplication.php(141): CWebApplication->runController('site/GetNotific...')
#14 /opt/lampp/htdocs/msicdi/framework/base/CApplication.php(180): CWebApplication->processRequest()
#15 /opt/lampp/htdocs/msicdi/index.php(13): CApplication->run()
#16 {main}
REQUEST_URI=/msicdi/site/GetNotificaciones.html
HTTP_REFERER=http://11.1.21.5/msicdi/soporte/administrar.html
---
2026/05/21 03:20:46 [error] [php] Undefined offset: 0 (/opt/lampp/htdocs/msicdi/protected/controllers/SoporteController.php:843)
Stack trace:
#0 /opt/lampp/htdocs/msicdi/framework/web/CController.php(308): CInlineAction->runWithParams()
#1 /opt/lampp/htdocs/msicdi/framework/web/CController.php(286): SoporteController->runAction()
#2 /opt/lampp/htdocs/msicdi/framework/web/CController.php(265): SoporteController->runActionWithFilters()
#3 /opt/lampp/htdocs/msicdi/framework/web/CWebApplication.php(282): SoporteController->run()
#4 /opt/lampp/htdocs/msicdi/framework/web/CWebApplication.php(141): CWebApplication->runController()
#5 /opt/lampp/htdocs/msicdi/framework/base/CApplication.php(180): CWebApplication->processRequest()
#6 /opt/lampp/htdocs/msicdi/index.php(13): CWebApplication->run()
REQUEST_URI=/msicdi/soporte/actualizarTodos
2026/05/21 16:03:08 [error] [php] Undefined index: HTTP_USER_AGENT (/opt/lampp/htdocs/msicdi/protected/extensions/mbmenu/Browser.php:22)
Stack trace:
#0 /opt/lampp/htdocs/msicdi/framework/web/CBaseController.php(173): MbMenu->run()
#1 /opt/lampp/htdocs/msicdi/protected/views/layouts/main.php(96): InicioController->widget()
#2 /opt/lampp/htdocs/msicdi/framework/web/CBaseController.php(126): require()
#3 /opt/lampp/htdocs/msicdi/framework/web/CBaseController.php(95): InicioController->renderInternal()
#4 /opt/lampp/htdocs/msicdi/framework/web/widgets/CContentDecorator.php(76): InicioController->renderFile()
#5 /opt/lampp/htdocs/msicdi/framework/web/widgets/CContentDecorator.php(54): CContentDecorator->decorate()
#6 /opt/lampp/htdocs/msicdi/framework/web/widgets/COutputProcessor.php(44): CContentDecorator->processOutput()
#7 /opt/lampp/htdocs/msicdi/framework/web/CBaseController.php(206): CContentDecorator->run()
#8 /opt/lampp/htdocs/msicdi/framework/web/CBaseController.php(300): InicioController->endWidget()
#9 /opt/lampp/htdocs/msicdi/protected/views/layouts/column1.php(6): InicioController->endContent()
#10 /opt/lampp/htdocs/msicdi/framework/web/CBaseController.php(126): require()
#11 /opt/lampp/htdocs/msicdi/framework/web/CBaseController.php(95): InicioController->renderInternal()
#12 /opt/lampp/htdocs/msicdi/framework/web/CController.php(784): InicioController->renderFile()
#13 /opt/lampp/htdocs/msicdi/protected/controllers/InicioController.php(20): InicioController->render()
#14 /opt/lampp/htdocs/msicdi/framework/web/actions/CInlineAction.php(49): InicioController->actionIndex()
#15 /opt/lampp/htdocs/msicdi/framework/web/CController.php(308): CInlineAction->runWithParams()
#16 /opt/lampp/htdocs/msicdi/framework/web/CController.php(286): InicioController->runAction()
#17 /opt/lampp/htdocs/msicdi/framework/web/CController.php(265): InicioController->runActionWithFilters()
#18 /opt/lampp/htdocs/msicdi/framework/web/CWebApplication.php(282): InicioController->run()
#19 /opt/lampp/htdocs/msicdi/framework/web/CWebApplication.php(141): CWebApplication->runController()
#20 /opt/lampp/htdocs/msicdi/framework/base/CApplication.php(180): CWebApplication->processRequest()
#21 /opt/lampp/htdocs/msicdi/index.php(13): CWebApplication->run()
REQUEST_URI=/msicdi/
2026/05/21 19:40:37 [error] [php] Undefined offset: 0 (/opt/lampp/htdocs/msicdi/protected/controllers/SoporteController.php:630)
Stack trace:
#0 /opt/lampp/htdocs/msicdi/framework/web/CController.php(308): CInlineAction->runWithParams()
#1 /opt/lampp/htdocs/msicdi/framework/web/CController.php(286): SoporteController->runAction()
#2 /opt/lampp/htdocs/msicdi/framework/web/CController.php(265): SoporteController->runActionWithFilters()
#3 /opt/lampp/htdocs/msicdi/framework/web/CWebApplication.php(282): SoporteController->run()
#4 /opt/lampp/htdocs/msicdi/framework/web/CWebApplication.php(141): CWebApplication->runController()
#5 /opt/lampp/htdocs/msicdi/framework/base/CApplication.php(180): CWebApplication->processRequest()
#6 /opt/lampp/htdocs/msicdi/index.php(13): CWebApplication->run()
REQUEST_URI=/msicdi/soporte/actualizarTodos
2026/05/21 19:48:02 [error] [exception.CHttpException.404] exception 'CHttpException' with message 'Unable to resolve the request "upload/4616.jpg".' in /opt/lampp/htdocs/msicdi/framework/web/CWebApplication.php:286
Stack trace:
#0 /opt/lampp/htdocs/msicdi/framework/web/CWebApplication.php(141): CWebApplication->runController('upload/4616.jpg')
#1 /opt/lampp/htdocs/msicdi/framework/base/CApplication.php(180): CWebApplication->processRequest()
#2 /opt/lampp/htdocs/msicdi/index.php(13): CApplication->run()
#3 {main}
REQUEST_URI=/msicdi/upload/4616.jpg
HTTP_REFERER=http://11.1.21.5/msicdi/soporte/rastreo?codigo=R26-3415
---
2026/05/21 19:49:37 [error] [exception.CHttpException.404] exception 'CHttpException' with message 'Unable to resolve the request "upload/4616.jpg".' in /opt/lampp/htdocs/msicdi/framework/web/CWebApplication.php:286
Stack trace:
#0 /opt/lampp/htdocs/msicdi/framework/web/CWebApplication.php(141): CWebApplication->runController('upload/4616.jpg')
#1 /opt/lampp/htdocs/msicdi/framework/base/CApplication.php(180): CWebApplication->processRequest()
#2 /opt/lampp/htdocs/msicdi/index.php(13): CApplication->run()
#3 {main}
REQUEST_URI=/msicdi/upload/4616.jpg
HTTP_REFERER=http://11.1.21.5/msicdi/soporte/rastreo?codigo=R26-3415
---
2026/05/21 19:49:41 [error] [exception.CHttpException.404] exception 'CHttpException' with message 'Unable to resolve the request "upload/4616.jpg".' in /opt/lampp/htdocs/msicdi/framework/web/CWebApplication.php:286
Stack trace:
#0 /opt/lampp/htdocs/msicdi/framework/web/CWebApplication.php(141): CWebApplication->runController('upload/4616.jpg')
#1 /opt/lampp/htdocs/msicdi/framework/base/CApplication.php(180): CWebApplication->processRequest()
#2 /opt/lampp/htdocs/msicdi/index.php(13): CApplication->run()
#3 {main}
REQUEST_URI=/msicdi/upload/4616.jpg
HTTP_REFERER=http://11.1.21.5/msicdi/soporte/rastreo?codigo=R26-3415
---
2026/05/21 19:52:02 [error] [exception.CHttpException.404] exception 'CHttpException' with message 'Unable to resolve the request "upload/4616.jpg".' in /opt/lampp/htdocs/msicdi/framework/web/CWebApplication.php:286
Stack trace:
#0 /opt/lampp/htdocs/msicdi/framework/web/CWebApplication.php(141): CWebApplication->runController('upload/4616.jpg')
#1 /opt/lampp/htdocs/msicdi/framework/base/CApplication.php(180): CWebApplication->processRequest()
#2 /opt/lampp/htdocs/msicdi/index.php(13): CApplication->run()
#3 {main}
REQUEST_URI=/msicdi/upload/4616.jpg
HTTP_REFERER=http://11.1.21.5/msicdi/soporte/rastreo?codigo=R26-3415&&stat=1
---
2026/05/26 23:07:24 [error] [php] Constants may only evaluate to scalar values (/opt/lampp/htdocs/msicdi/protected/helix/categorias.php:204)
Stack trace:
#0 /opt/lampp/htdocs/msicdi/protected/views/soporte/rastreo.php(405): include()
#1 /opt/lampp/htdocs/msicdi/framework/web/CBaseController.php(126): require()
#2 /opt/lampp/htdocs/msicdi/framework/web/CBaseController.php(95): SoporteController->renderInternal()
#3 /opt/lampp/htdocs/msicdi/framework/web/CController.php(869): SoporteController->renderFile()
#4 /opt/lampp/htdocs/msicdi/framework/web/CController.php(782): SoporteController->renderPartial()
#5 /opt/lampp/htdocs/msicdi/protected/controllers/SoporteController.php(495): SoporteController->render()
#6 /opt/lampp/htdocs/msicdi/framework/web/actions/CInlineAction.php(49): SoporteController->actionRastreo()
#7 /opt/lampp/htdocs/msicdi/framework/web/CController.php(308): CInlineAction->runWithParams()
#8 /opt/lampp/htdocs/msicdi/framework/web/CController.php(286): SoporteController->runAction()
#9 /opt/lampp/htdocs/msicdi/framework/web/CController.php(265): SoporteController->runActionWithFilters()
#10 /opt/lampp/htdocs/msicdi/framework/web/CWebApplication.php(282): SoporteController->run()
#11 /opt/lampp/htdocs/msicdi/framework/web/CWebApplication.php(141): CWebApplication->runController()
#12 /opt/lampp/htdocs/msicdi/framework/base/CApplication.php(180): CWebApplication->processRequest()
#13 /opt/lampp/htdocs/msicdi/index.php(13): CWebApplication->run()
REQUEST_URI=/msicdi/soporte/rastreo?codigo=R26-2833&&stat=1
2026/05/26 23:07:44 [error] [php] Constants may only evaluate to scalar values (/opt/lampp/htdocs/msicdi/protected/helix/categorias.php:204)
Stack trace:
#0 /opt/lampp/htdocs/msicdi/protected/views/soporte/rastreo.php(405): include()
#1 /opt/lampp/htdocs/msicdi/framework/web/CBaseController.php(126): require()
#2 /opt/lampp/htdocs/msicdi/framework/web/CBaseController.php(95): SoporteController->renderInternal()
#3 /opt/lampp/htdocs/msicdi/framework/web/CController.php(869): SoporteController->renderFile()
#4 /opt/lampp/htdocs/msicdi/framework/web/CController.php(782): SoporteController->renderPartial()
#5 /opt/lampp/htdocs/msicdi/protected/controllers/SoporteController.php(495): SoporteController->render()
#6 /opt/lampp/htdocs/msicdi/framework/web/actions/CInlineAction.php(49): SoporteController->actionRastreo()
#7 /opt/lampp/htdocs/msicdi/framework/web/CController.php(308): CInlineAction->runWithParams()
#8 /opt/lampp/htdocs/msicdi/framework/web/CController.php(286): SoporteController->runAction()
#9 /opt/lampp/htdocs/msicdi/framework/web/CController.php(265): SoporteController->runActionWithFilters()
#10 /opt/lampp/htdocs/msicdi/framework/web/CWebApplication.php(282): SoporteController->run()
#11 /opt/lampp/htdocs/msicdi/framework/web/CWebApplication.php(141): CWebApplication->runController()
#12 /opt/lampp/htdocs/msicdi/framework/base/CApplication.php(180): CWebApplication->processRequest()
#13 /opt/lampp/htdocs/msicdi/index.php(13): CWebApplication->run()
REQUEST_URI=/msicdi/soporte/rastreo?codigo=R26-2833
